Usage:  cmd inner <command> [flags] [arguments]

        Commands:
        not-runnable                    command containing a help topic
        simple                          
                                                
        Flags:                          
        -persistentflag (string)        persistent flag (default "none")
        -help                           show help message

Use "cmd help inner <command>" for more information about that command.
